  consola.cpp
C:\Users\lucac\source\repos\lab 8-9\lab 8-9\consola.cpp(27,10): warning C4566: character represented by universal-character-name '\u2554' cannot be represented in the current code page (1252)
C:\Users\lucac\source\repos\lab 8-9\lab 8-9\consola.cpp(27,10): warning C4566: character represented by universal-character-name '\u2550' cannot be represented in the current code page (1252)
C:\Users\lucac\source\repos\lab 8-9\lab 8-9\consola.cpp(27,10): warning C4566: character represented by universal-character-name '\u2557' cannot be represented in the current code page (1252)
C:\Users\lucac\source\repos\lab 8-9\lab 8-9\consola.cpp(28,10): warning C4566: character represented by universal-character-name '\u2551' cannot be represented in the current code page (1252)
C:\Users\lucac\source\repos\lab 8-9\lab 8-9\consola.cpp(29,10): warning C4566: character represented by universal-character-name '\u2560' cannot be represented in the current code page (1252)
C:\Users\lucac\source\repos\lab 8-9\lab 8-9\consola.cpp(29,10): warning C4566: character represented by universal-character-name '\u2550' cannot be represented in the current code page (1252)
C:\Users\lucac\source\repos\lab 8-9\lab 8-9\consola.cpp(29,10): warning C4566: character represented by universal-character-name '\u2563' cannot be represented in the current code page (1252)
C:\Users\lucac\source\repos\lab 8-9\lab 8-9\consola.cpp(30,10): warning C4566: character represented by universal-character-name '\u2551' cannot be represented in the current code page (1252)
C:\Users\lucac\source\repos\lab 8-9\lab 8-9\consola.cpp(30,87): warning C4566: character represented by universal-character-name '\u2551' cannot be represented in the current code page (1252)
C:\Users\lucac\source\repos\lab 8-9\lab 8-9\consola.cpp(31,10): warning C4566: character represented by universal-character-name '\u2551' cannot be represented in the current code page (1252)
C:\Users\lucac\source\repos\lab 8-9\lab 8-9\consola.cpp(31,85): warning C4566: character represented by universal-character-name '\u2551' cannot be represented in the current code page (1252)
C:\Users\lucac\source\repos\lab 8-9\lab 8-9\consola.cpp(32,10): warning C4566: character represented by universal-character-name '\u2551' cannot be represented in the current code page (1252)
C:\Users\lucac\source\repos\lab 8-9\lab 8-9\consola.cpp(32,90): warning C4566: character represented by universal-character-name '\u2551' cannot be represented in the current code page (1252)
C:\Users\lucac\source\repos\lab 8-9\lab 8-9\consola.cpp(33,10): warning C4566: character represented by universal-character-name '\u2551' cannot be represented in the current code page (1252)
C:\Users\lucac\source\repos\lab 8-9\lab 8-9\consola.cpp(33,115): warning C4566: character represented by universal-character-name '\u2551' cannot be represented in the current code page (1252)
C:\Users\lucac\source\repos\lab 8-9\lab 8-9\consola.cpp(34,10): warning C4566: character represented by universal-character-name '\u255A' cannot be represented in the current code page (1252)
C:\Users\lucac\source\repos\lab 8-9\lab 8-9\consola.cpp(34,10): warning C4566: character represented by universal-character-name '\u2550' cannot be represented in the current code page (1252)
C:\Users\lucac\source\repos\lab 8-9\lab 8-9\consola.cpp(34,10): warning C4566: character represented by universal-character-name '\u255D' cannot be represented in the current code page (1252)
C:\Users\lucac\source\repos\lab 8-9\lab 8-9\consola.cpp(166,12): warning C4566: character represented by universal-character-name '\u0103' cannot be represented in the current code page (1252)
  lab 8-9.vcxproj -> C:\Users\lucac\source\repos\lab 8-9\x64\Debug\lab 8-9.exe
